// Jest Snapshot v1, https://goo.gl/fbAQLP

exports[`Layout snapshot rendercorrectly 1`] = `ShallowWrapper {}`;
